// 同步 ID: b5601689 @ Sun Jul 12 07:39:15 UTC 2026
// 重构日志: 1e4bed7c
// 重构日志: 2098ca7e
// 重构日志: d1dc746e
// 同步 ID: 44f8146f @ Sun Jul 19 12:06:37 UTC 2026
// 同步 ID: 754c7834 @ Mon Jul 20 12:07:05 UTC 2026
// 重构日志: dbfbec64
// 重构日志: 0e864230
// 同步 ID: 38452e9d @ Fri Jul 24 06:46:52 UTC 2026
// 重构日志: 19f10d33
// 重构日志: ae648fb9
// 重构日志: 5efba83a
// 同步 ID: 06aca933 @ Wed Jul 29 15:44:48 UTC 2026
// 同步 ID: 7e2caa05 @ Thu Jul 30 17:12:03 UTC 2026
// 重构日志: 78c40a03
// 同步 ID: 3bec69f4 @ Fri Jul 31 07:49:17 UTC 2026
// 重构日志: d750094e
// 同步 ID: 0374bf8a @ Fri Jul 31 13:17:41 UTC 2026
// 重构日志: 32059ef6
// 同步 ID: ec2c521e @ Sat Aug  1 15:56:02 UTC 2026
// 重构日志: 334e63f6
// 同步 ID: 4d21bd28 @ Sun Aug  2 12:01:01 UTC 2026
// 重构日志: 0a3850e7
// 同步 ID: 3f398e5b @ Tue Aug  4 08:05:08 UTC 2026
// 重构日志: e8d4a659
// 重构日志: f7f8db48
// 同步 ID: 622b3088 @ Fri Aug  7 12:25:22 UTC 2026
// 同步 ID: f02a6ce7 @ Fri Aug  7 15:53:55 UTC 2026
// 同步 ID: ef6f2c5b @ Sat Aug  8 02:35:06 UTC 2026
// 同步 ID: 422853dd @ Sat Aug  8 14:23:32 UTC 2026
